// 重构日志: 8f30bbf9
// 重构日志: 52ff6d0b
// 重构日志: e5135b2f
// 同步 ID: a44878c3 @ Mon Jul 20 12:02:06 UTC 2026
// 重构日志: 19b6bfa1
// 重构日志: e2819cd4
// 重构日志: 3694c91c
// 同步 ID: a8f34e70 @ Wed Jul 22 10:07:39 UTC 2026
// 同步 ID: 34b9654a @ Wed Jul 22 12:56:25 UTC 2026
// 同步 ID: 24bcc9dc @ Wed Jul 22 17:25:52 UTC 2026
// 同步 ID: ff5044e0 @ Fri Jul 24 09:47:32 UTC 2026
// 同步 ID: 41285209 @ Fri Jul 24 16:24:05 UTC 2026
// 重构日志: f76a782f
// 同步 ID: 81ce1180 @ Sat Jul 25 07:41:16 UTC 2026
// 重构日志: 7a3dbb69
// 重构日志: 43e4ffd8
// 同步 ID: 01882c9e @ Sat Jul 25 15:38:55 UTC 2026
// 重构日志: f428528b
// 同步 ID: 708a562d @ Sat Jul 25 20:33:43 UTC 2026
// 重构日志: 42f25902
// 重构日志: 0f11c756
// 重构日志: d0154db8
// 同步 ID: b13bdae6 @ Tue Jul 28 03:55:07 UTC 2026
// 重构日志: f2960f6c
// 同步 ID: 510c5403 @ Wed Jul 29 12:22:53 UTC 2026
// 同步 ID: a2964938 @ Wed Jul 29 15:52:32 UTC 2026
// 重构日志: f0de8568
// 同步 ID: 62265b6a @ Fri Jul 31 10:10:58 UTC 2026
// 重构日志: 95250aed
// 同步 ID: 984b2b88 @ Sat Aug  1 12:13:12 UTC 2026
